// Jest Snapshot v1, https://goo.gl/fbAQLP

exports[`GET /:id Videospiel zu vorhandener ID 00000000-0000-0000-0000-000000000001 1`] = `"https://desktop-tdgithv:3000/00000000-0000-0000-0000-000000000001/00000000-0000-0000-0000-000000000001"`;

exports[`GET /:id Videospiel zu vorhandener ID 00000000-0000-0000-0000-000000000002 1`] = `"https://desktop-tdgithv:3000/00000000-0000-0000-0000-000000000002/00000000-0000-0000-0000-000000000002"`;

exports[`GET /:id Videospiel zu vorhandener ID 00000000-0000-0000-0000-000000000003 1`] = `"https://desktop-tdgithv:3000/00000000-0000-0000-0000-000000000003/00000000-0000-0000-0000-000000000003"`;
